// Jest Snapshot v1, https://goo.gl/fbAQLP

exports[`ObjectFieldBuilder 1`] = `
Field {
  "fields": Object {
    "postcode": Field {
      "label": "Postcode",
      "meta": Object {},
      "noWrap": false,
      "schemaConfig": Object {
        "defaultVal": "",
        "type": "string",
      },
      "type": "text",
      "width": Object {
        "xs": 12,
      },
    },
    "street": Field {
      "label": "Street",
      "meta": Object {},
      "noWrap": false,
      "schemaConfig": Object {
        "defaultVal": "",
        "type": "string",
      },
      "type": "text",
      "width": Object {
        "xs": 12,
      },
    },
  },
  "label": "Address",
  "meta": Object {},
  "noWrap": false,
  "schemaConfig": Object {
    "defaultVal": Object {
      "postcode": "",
      "street": "",
    },
    "objectShape": Object {
      "postcode": Object {
        "defaultVal": "",
        "type": "string",
      },
      "street": Object {
        "defaultVal": "",
        "type": "string",
      },
    },
    "type": "object",
  },
  "type": "object",
  "width": Object {
    "xs": 12,
  },
}
`;
