// Jest Snapshot v1, https://goo.gl/fbAQLP

exports[`SelectFieldBuilder 1`] = `
Field {
  "autocomplete": true,
  "childField": undefined,
  "conditionalDisable": undefined,
  "conditionalHide": undefined,
  "defaults": Object {
    "array": Array [],
    "boolean": false,
    "number": "",
    "object": Object {},
    "string": "",
  },
  "fields": undefined,
  "format": undefined,
  "label": "Address",
  "noWrap": false,
  "options": Array [
    Object {
      "id": "option-1",
      "label": "Option1",
    },
  ],
  "schemaConfig": Object {
    "defaultVal": "",
    "type": "string",
  },
  "type": "select",
  "width": Object {
    "xs": 12,
  },
}
`;
