// Jest Snapshot v1, https://goo.gl/fbAQLP

exports[`SelectFieldBuilder 1`] = `
Field {
  "autocomplete": true,
  "label": "Address",
  "meta": Object {},
  "noWrap": false,
  "options": Array [
    Object {
      "id": "option-1",
      "label": "Option1",
    },
  ],
  "schemaConfig": Object {
    "defaultVal": "",
    "type": "string",
  },
  "type": "select",
  "width": Object {
    "xs": 12,
  },
}
`;
