// Jest Snapshot v1, https://goo.gl/fbAQLP

exports[`TextFieldBuilder 1`] = `
Field {
  "autocomplete": undefined,
  "childField": undefined,
  "conditionalDisable": undefined,
  "conditionalHide": undefined,
  "defaults": Object {
    "array": Array [],
    "boolean": false,
    "number": "",
    "object": Object {},
    "string": "",
  },
  "fields": undefined,
  "format": undefined,
  "label": "Password",
  "noWrap": false,
  "options": undefined,
  "schemaConfig": Object {
    "defaultVal": "",
    "type": "string",
  },
  "type": "password",
  "width": Object {
    "xs": 12,
  },
}
`;
